// Jest Snapshot v1, https://goo.gl/fbAQLP

exports[`Add recipe tests renders correctly 1`] = `
<div>
  <div
    class="container"
  >
    <div
      class="content"
    >
      <div
        class="form"
      >
        <h1>
          Add a new recipe
        </h1>
        <form
          class="form"
        >
          <div
            class="title"
          >
            <label
              for="title"
            >
              Title*
            </label>
            <input
              id="title"
              name="title"
              required=""
              size="50"
              type="text"
            />
          </div>
          <div
            class="creationDate"
          >
            <label
              for="title"
            >
              Creation Date
            </label>
            <input
              id="creationDate"
              name="creationDate"
              size="10"
              type="date"
            />
          </div>
          <div
            class="category"
          >
            <label
              for="category"
            >
              Category
            </label>
            <select
              id="category"
              name="category"
            >
              <option
                value="American"
              >
                American
              </option>
              <option
                value="Chinese"
              >
                Chinese
              </option>
              <option
                value="Japanese"
              >
                Japanese
              </option>
              <option
                value="Korean"
              >
                Korean
              </option>
              <option
                value="Mexican"
              >
                Mexican
              </option>
              <option
                value="Thai"
              >
                Thai
              </option>
              <option
                value="Vietnamese"
              >
                Vietnamese
              </option>
              <option
                value="Other"
              >
                Other
              </option>
            </select>
          </div>
          <div
            class="difficulty"
          >
            <label
              for="difficulty"
            >
              Difficulty
            </label>
            <select
              id="difficulty"
              name="difficulty"
            >
              <option
                value="Beginner"
              >
                Beginner
              </option>
              <option
                value="Intermediate"
              >
                Intermediate
              </option>
              <option
                value="Expert"
              >
                Expert
              </option>
            </select>
          </div>
          <div
            class="preparationTime"
          >
            <label
              for="preparationTime"
            >
              Preparation Time (Minutes)
            </label>
            <input
              id="preparationTime"
              name="preparationTime"
              type="number"
            />
          </div>
          <div
            class="cost"
          >
            <label
              for="cost"
            >
              Cost
            </label>
            <input
              id="cheap"
              name="cost"
              type="radio"
              value="1"
            />
            <label
              for="cheap"
            >
              $
            </label>
            <input
              id="affordable"
              name="cost"
              type="radio"
              value="2"
            />
            <label
              for="affordable"
            >
              $$
            </label>
            <input
              id="expensive"
              name="cost"
              type="radio"
              value="3"
            />
            <label
              for="expensive"
            >
              $$$
            </label>
          </div>
          <div
            class="vegetarian"
          >
            <input
              id="vegetarian"
              name="vegetarian"
              type="checkbox"
              value="1"
            />
            <label
              for="vegetarian"
            >
              Vegetarian
            </label>
          </div>
          <div
            class="ingredients"
          >
            <label
              for="ingredients"
            >
              Ingredients*
            </label>
            <input
              id="ingredients"
              name="ingredients"
              required=""
              size="100"
              type="text"
            />
          </div>
          <div
            class="utensils"
          >
            <label
              for="utensils"
            >
              Utensils
            </label>
            <input
              id="utensils"
              name="utensils"
              size="100"
              type="text"
            />
          </div>
          <div
            class="instructions"
          >
            <label
              for="instructions"
            >
              Instructions*
            </label>
            <textarea
              cols="100"
              id="instructions"
              name="instructions"
              required=""
              rows="10"
            />
          </div>
          <div
            class="addButton"
          >
            <input
              type="submit"
              value="Add"
            />
          </div>
        </form>
      </div>
    </div>
  </div>
</div>
`;
