// Jest Snapshot v1, https://goo.gl/fbAQLP

exports[`Home tests renders the home component correctly 1`] = `
<div>
  <div
    class="container"
  >
    <div
      class="left"
    >
      <nav>
        <h2
          class="header"
        >
          Recipe Categories
        </h2>
        <ul
          class="ul"
        >
          <li
            class="li"
          >
            <a
              class="link"
              href="/categories/1"
            >
              Fish
            </a>
          </li>
          <li
            class="li"
          >
            <a
              class="link"
              href="/categories/2"
            >
              Chicken
            </a>
          </li>
          <li
            class="li"
          >
            <a
              class="link"
              href="/categories/3"
            >
              Lamb
            </a>
          </li>
          <li
            class="li"
          >
            <a
              class="link"
              href="/categories/4"
            >
              Beef
            </a>
          </li>
          <li
            class="li"
          >
            <a
              class="link"
              href="/categories/5"
            >
              Vegetables
            </a>
          </li>
          <li
            class="li"
          >
            <a
              class="link"
              href="/categories/6"
            >
              Staple food
            </a>
          </li>
          <li
            class="li"
          >
            <a
              class="link"
              href="/categories/7"
            >
              Baking
            </a>
          </li>
          <li
            class="li"
          >
            <a
              class="link"
              href="/categories/8"
            >
              Noodles
            </a>
          </li>
          <li
            class="li"
          >
            <a
              class="link"
              href="/categories/9"
            >
              Soup
            </a>
          </li>
          <li
            class="li"
          >
            <a
              class="link"
              href="/categories/10"
            >
              Breakfast
            </a>
          </li>
          <li
            class="li"
          >
            <a
              class="link"
              href="/categories/11"
            >
              Vegetarian food
            </a>
          </li>
          <li
            class="li"
          >
            <a
              class="link"
              href="/categories/12"
            >
              American food
            </a>
          </li>
          <li
            class="li"
          >
            <a
              class="link"
              href="/categories/13"
            >
              Chinese food
            </a>
          </li>
          <li
            class="li"
          >
            <a
              class="link"
              href="/categories/14"
            >
              Italian food
            </a>
          </li>
          <li
            class="li"
          >
            <a
              class="link"
              href="/categories/15"
            >
              Vietnamese food
            </a>
          </li>
          <li
            class="li"
          >
            <a
              class="link"
              href="/categories/16"
            >
              Mexican food
            </a>
          </li>
          <li
            class="li"
          >
            <a
              class="link"
              href="/categories/17"
            >
              Indian food
            </a>
          </li>
          <li
            class="li"
          >
            <a
              class="link"
              href="/categories/18"
            >
              Japanese food
            </a>
          </li>
          <li
            class="li"
          >
            <a
              class="link"
              href="/categories/19"
            >
              Food for women
            </a>
          </li>
          <li
            class="li"
          >
            <a
              class="link"
              href="/categories/20"
            >
              Food for children
            </a>
          </li>
        </ul>
      </nav>
    </div>
    <div
      class="right"
    >
      <div>
        <div
          class="container"
        >
          <header
            class="header"
          >
            Personalized Recommendation
          </header>
          <ul
            class="recommendation"
          >
            <li
              class="li"
            >
              <a
                class="title"
                href="/recipe/1"
              >
                <img
                  alt="Roasted Chicken"
                  class="image"
                  src="https://static.toiimg.com/thumb/53007558.cms?width=1200&height=900"
                />
              </a>
              <a
                class="link"
                href="/recipe/1"
              >
                Roasted Chicken
              </a>
            </li>
            <li
              class="li"
            >
              <a
                class="title"
                href="/recipe/2"
              >
                <img
                  alt="Salmon Steak"
                  class="image"
                  src="https://www.cookingclassy.com/wp-content/uploads/2017/02/skillet-seared-salmon-2.jpg"
                />
              </a>
              <a
                class="link"
                href="/recipe/2"
              >
                Salmon Steak
              </a>
            </li>
          </ul>
        </div>
        <div
          class="container"
        >
          <header
            class="header"
          >
            Popular Recipes
          </header>
          <ul
            class="recommendation"
          >
            <li
              class="li"
            >
              <a
                class="title"
                href="/recipe/1"
              >
                <img
                  alt="Roasted Chicken"
                  class="image"
                  src="https://static.toiimg.com/thumb/53007558.cms?width=1200&height=900"
                />
              </a>
              <a
                class="link"
                href="/recipe/1"
              >
                Roasted Chicken
              </a>
            </li>
            <li
              class="li"
            >
              <a
                class="title"
                href="/recipe/2"
              >
                <img
                  alt="Salmon Steak"
                  class="image"
                  src="https://www.cookingclassy.com/wp-content/uploads/2017/02/skillet-seared-salmon-2.jpg"
                />
              </a>
              <a
                class="link"
                href="/recipe/2"
              >
                Salmon Steak
              </a>
            </li>
          </ul>
        </div>
      </div>
    </div>
  </div>
</div>
`;
