// Jest Snapshot v1, https://goo.gl/fbAQLP

exports[`Add Error tests renders correctly 1`] = `
<div>
  <div
    class="container"
  >
    <div>
      <h1>
        Whoops!
      </h1>
      <p>
        We couldn't find the page you are looking for
      </p>
      <button>
        Go home
      </button>
    </div>
    <img
      alt="a bitten donut"
      src="https://webstockreview.net/images/donut-clipart-bitten-donut-2.jpg"
    />
  </div>
</div>
`;
