// Jest Snapshot v1, https://goo.gl/fbAQLP

exports[`Add App tests renders correctly 1`] = `
<div>
  <div
    class="app"
  >
    <header>
      <nav
        class="nav"
      >
        <ul
          class="ul"
        >
          <li
            class="logoPanel"
          >
            <a
              class="logoLink"
              href="/"
            >
              <img
                alt="treasured recipes"
                class="logo"
                src="logo.png"
              />
            </a>
            <a
              class="logoLink"
              href="/"
            >
              <span
                class="name"
              >
                Recipes
              </span>
            </a>
          </li>
          <li>
            <input
              class="search"
              name="search"
              type="text"
              value=""
            />
            <a
              class="searchLink"
              href="/recipes/"
            >
              Search
            </a>
          </li>
          <li>
            <a
              class="addNew"
              href="/newRecipe"
            >
              Add a new recipe
            </a>
          </li>
          <li>
            <a
              class="login"
              href="/login"
            >
              Log in
            </a>
          </li>
        </ul>
      </nav>
    </header>
    <div
      class="right"
    >
      <div
        class="home"
      >
        <div
          class="left"
        >
          <nav>
            <h2
              class="header"
            >
              Recipe Categories
            </h2>
            <ul
              class="list"
            />
          </nav>
        </div>
        <div
          class="right"
        >
          <div>
            <div>
              <header
                class="header"
              >
                Personalized Recommendation
              </header>
              <ul
                class="recommendation"
              >
                <li
                  class="item"
                >
                  <a
                    class="title"
                    href="/recipe/"
                  >
                    <img
                      alt=""
                      class="image"
                      src=""
                    />
                  </a>
                  <a
                    class="link"
                    href="/recipe/"
                  />
                </li>
              </ul>
            </div>
            <div>
              <header
                class="header"
              >
                Popular Recipes
              </header>
              <ul
                class="recommendation"
              >
                <li
                  class="item"
                >
                  <a
                    class="title"
                    href="/recipe/"
                  >
                    <img
                      alt=""
                      class="image"
                      src=""
                    />
                  </a>
                  <a
                    class="link"
                    href="/recipe/"
                  />
                </li>
              </ul>
            </div>
          </div>
        </div>
      </div>
    </div>
    <div
      class="footer"
    >
      <div
        class="container"
      >
        Contact Us: (408) 123-4567
      </div>
    </div>
  </div>
</div>
`;
